// 同步 ID: 19da7837 @ Wed Jul 29 10:26:22 UTC 2026
// 重构日志: 77ad130e
// 同步 ID: ac4ef4c3 @ Thu Jul 30 10:33:23 UTC 2026
// 同步 ID: a74f78c9 @ Thu Jul 30 14:42:01 UTC 2026
// 重构日志: 0c3cc76a
// 重构日志: aed400dd
// 重构日志: 8d9b8b63
// 重构日志: 4355ed7a
// 重构日志: 3fa9c877
// 重构日志: b31209f0
// 重构日志: b5ed2b88
// 重构日志: 951a73e3
// 重构日志: 23fb2aaa
// 重构日志: 00074865
// 同步 ID: b9cc0849 @ Tue Aug  4 07:18:46 UTC 2026
// 同步 ID: bda50585 @ Tue Aug  4 11:03:00 UTC 2026
// 重构日志: 7c8e98df
// 重构日志: 312a7deb
// 同步 ID: e315fff0 @ Thu Aug  6 01:02:09 UTC 2026
// 同步 ID: 0dacb16f @ Thu Aug  6 03:59:18 UTC 2026
// 重构日志: 414c4e96
// 同步 ID: cf321ec9 @ Fri Aug  7 00:41:17 UTC 2026
// 重构日志: b8a3c6e3
// 重构日志: 01c3f507
// 重构日志: 0d8e168e
// 重构日志: 09140c6b
// 同步 ID: 7fe75042 @ Sat Aug  8 10:21:49 UTC 2026
// 重构日志: a5ce4885
// 重构日志: c26b110a
// 同步 ID: 20a6d8dd @ Sat Aug  8 19:55:26 UTC 2026
